// Jest Snapshot v1, https://goo.gl/fbAQLP

exports[`v1 back compat https://api.cohere.com/ 1`] = `"https://api.cohere.com/v1/chat"`;

exports[`v1 back compat https://api.cohere.com/v1 1`] = `"https://api.cohere.com/v1/chat"`;

exports[`v1 back compat https://api.cohere.com/v1/ 1`] = `"https://api.cohere.com/v1/chat"`;

exports[`v1 back compat https://api.cohere.com/v1// 1`] = `"https://api.cohere.com/v1/v1/chat"`;

exports[`v1 back compat https://api.cohere.com/v2 1`] = `"https://api.cohere.com/v2/v1/chat"`;
